========================================
 KijaniKiosk Full IaC Pipeline
========================================

[1/3] Running Terraform apply...
[33m╷[0m[0m
[33m│[0m [0m[1m[33mWarning: [0m[0m[1mDeprecated Parameter[0m
[33m│[0m [0m
[33m│[0m [0m[0mThe parameter "endpoint" is deprecated. Use parameter "endpoints.s3"
[33m│[0m [0minstead.
[33m╵[0m[0m
[33m╷[0m[0m
[33m│[0m [0m[1m[33mWarning: [0m[0m[1mDeprecated Parameter[0m
[33m│[0m [0m
[33m│[0m [0m[0mThe parameter "force_path_style" is deprecated. Use parameter
[33m│[0m [0m"use_path_style" instead.
[33m╵[0m[0m
[0m[1mdata.external.multipass_ips["logs"]: Reading...[0m[0m
[0m[1mdata.external.multipass_ips["api"]: Reading...[0m[0m
[0m[1mdata.external.multipass_ips["payments"]: Reading...[0m[0m
[0m[1mdata.external.multipass_ips["payments"]: Read complete after 6s [id=-][0m
[0m[1mdata.external.multipass_ips["logs"]: Read complete after 6s [id=-][0m
[0m[1mdata.external.multipass_ips["api"]: Read complete after 6s [id=-][0m
[0m[1mmodule.app_servers["api"].null_resource.this: Refreshing state... [id=1071514503672950515][0m
[0m[1mmodule.app_servers["logs"].null_resource.this: Refreshing state... [id=3952661643015456666][0m
[0m[1mmodule.app_servers["payments"].null_resource.this: Refreshing state... [id=8238824103238836274][0m

[0m[1m[32mNo changes.[0m[1m Your infrastructure matches the configuration.[0m

[0mTerraform has compared your real infrastructure against your configuration
and found no differences, so no changes are needed.
[0m[1m[32m
Apply complete! Resources: 0 added, 0 changed, 0 destroyed.[0m
[0m[1m[32m
Outputs:

[0mapi_server_ip = "10.139.243.128"
logs_server_ip = "10.139.243.140"
payments_server_ip = "10.139.243.105"
server_ips = {
  "api" = "10.139.243.128"
  "logs" = "10.139.243.140"
  "payments" = "10.139.243.105"
}
ssh_commands = {
  "api" = "ssh -i /home/ed/.ssh/id_ed25519 ubuntu@10.139.243.128"
  "logs" = "ssh -i /home/ed/.ssh/id_ed25519 ubuntu@10.139.243.140"
  "payments" = "ssh -i /home/ed/.ssh/id_ed25519 ubuntu@10.139.243.105"
}

[2/3] Extracting Terraform outputs...
API IP:      10.139.243.128
Payments IP: 10.139.243.105
Logs IP:     10.139.243.140

Generated Ansible inventory:
[kijanikiosk]
api-staging ansible_host=10.139.243.128
payments-staging ansible_host=10.139.243.105
logs-staging ansible_host=10.139.243.140

[3/3] Running Ansible...

PLAY [Configure KijaniKiosk servers] *******************************************

TASK [Gathering Facts] *********************************************************
[WARNING]: Host 'payments-staging' is using the discovered Python interpreter at '/usr/bin/python3.10', but future installation of another Python interpreter could cause a different interpreter to be discovered. See https://docs.ansible.com/ansible-core/2.20/reference_appendices/interpreter_discovery.html for more information.
[WARNING]: Host 'api-staging' is using the discovered Python interpreter at '/usr/bin/python3.10', but future installation of another Python interpreter could cause a different interpreter to be discovered. See https://docs.ansible.com/ansible-core/2.20/reference_appendices/interpreter_discovery.html for more information.
[WARNING]: Host 'logs-staging' is using the discovered Python interpreter at '/usr/bin/python3.10', but future installation of another Python interpreter could cause a different interpreter to be discovered. See https://docs.ansible.com/ansible-core/2.20/reference_appendices/interpreter_discovery.html for more information.
ok: [payments-staging]
ok: [api-staging]
ok: [logs-staging]

TASK [Gather service facts] ****************************************************
ok: [payments-staging]
ok: [logs-staging]
ok: [api-staging]

TASK [Install required packages] ***********************************************
ok: [logs-staging]
ok: [api-staging]
ok: [payments-staging]

TASK [Hold nginx and nodejs packages] ******************************************
ok: [payments-staging] => (item=nginx)
ok: [api-staging] => (item=nginx)
ok: [logs-staging] => (item=nginx)
ok: [api-staging] => (item=nodejs)
ok: [payments-staging] => (item=nodejs)
ok: [logs-staging] => (item=nodejs)

TASK [Create kijanikiosk system group] *****************************************
ok: [logs-staging]
ok: [api-staging]
ok: [payments-staging]

TASK [Create service-specific groups] ******************************************
ok: [logs-staging] => (item=kk-api)
ok: [payments-staging] => (item=kk-api)
ok: [api-staging] => (item=kk-api)
ok: [payments-staging] => (item=kk-payments)
ok: [api-staging] => (item=kk-payments)
ok: [logs-staging] => (item=kk-payments)
ok: [payments-staging] => (item=kk-logs)
ok: [api-staging] => (item=kk-logs)
ok: [logs-staging] => (item=kk-logs)

TASK [Create service accounts] *************************************************
ok: [logs-staging] => (item=kk-api)
ok: [api-staging] => (item=kk-api)
ok: [payments-staging] => (item=kk-api)
ok: [logs-staging] => (item=kk-payments)
ok: [payments-staging] => (item=kk-payments)
ok: [api-staging] => (item=kk-payments)
ok: [payments-staging] => (item=kk-logs)
ok: [logs-staging] => (item=kk-logs)
ok: [api-staging] => (item=kk-logs)

TASK [Create application directory tree] ***************************************
ok: [logs-staging] => (item={'path': '/opt/kijanikiosk', 'owner': 'root', 'group': 'root', 'mode': '0755'})
ok: [payments-staging] => (item={'path': '/opt/kijanikiosk', 'owner': 'root', 'group': 'root', 'mode': '0755'})
ok: [api-staging] => (item={'path': '/opt/kijanikiosk', 'owner': 'root', 'group': 'root', 'mode': '0755'})
ok: [logs-staging] => (item={'path': '/opt/kijanikiosk/api', 'owner': 'kk-api', 'group': 'kk-api', 'mode': '0750'})
ok: [payments-staging] => (item={'path': '/opt/kijanikiosk/api', 'owner': 'kk-api', 'group': 'kk-api', 'mode': '0750'})
ok: [api-staging] => (item={'path': '/opt/kijanikiosk/api', 'owner': 'kk-api', 'group': 'kk-api', 'mode': '0750'})
ok: [logs-staging] => (item={'path': '/opt/kijanikiosk/payments', 'owner': 'kk-payments', 'group': 'kk-payments', 'mode': '0750'})
ok: [payments-staging] => (item={'path': '/opt/kijanikiosk/payments', 'owner': 'kk-payments', 'group': 'kk-payments', 'mode': '0750'})
ok: [api-staging] => (item={'path': '/opt/kijanikiosk/payments', 'owner': 'kk-payments', 'group': 'kk-payments', 'mode': '0750'})
ok: [logs-staging] => (item={'path': '/opt/kijanikiosk/logs', 'owner': 'kk-logs', 'group': 'kk-logs', 'mode': '0750'})
ok: [payments-staging] => (item={'path': '/opt/kijanikiosk/logs', 'owner': 'kk-logs', 'group': 'kk-logs', 'mode': '0750'})
ok: [api-staging] => (item={'path': '/opt/kijanikiosk/logs', 'owner': 'kk-logs', 'group': 'kk-logs', 'mode': '0750'})
ok: [logs-staging] => (item={'path': '/opt/kijanikiosk/config', 'owner': 'root', 'group': 'kijanikiosk', 'mode': '0750'})
ok: [payments-staging] => (item={'path': '/opt/kijanikiosk/config', 'owner': 'root', 'group': 'kijanikiosk', 'mode': '0750'})
ok: [api-staging] => (item={'path': '/opt/kijanikiosk/config', 'owner': 'root', 'group': 'kijanikiosk', 'mode': '0750'})
ok: [payments-staging] => (item={'path': '/opt/kijanikiosk/scripts', 'owner': 'root', 'group': 'root', 'mode': '0750'})
ok: [logs-staging] => (item={'path': '/opt/kijanikiosk/scripts', 'owner': 'root', 'group': 'root', 'mode': '0750'})
ok: [logs-staging] => (item={'path': '/opt/kijanikiosk/shared', 'owner': 'root', 'group': 'root', 'mode': '0755'})
ok: [payments-staging] => (item={'path': '/opt/kijanikiosk/shared', 'owner': 'root', 'group': 'root', 'mode': '0755'})
ok: [api-staging] => (item={'path': '/opt/kijanikiosk/scripts', 'owner': 'root', 'group': 'root', 'mode': '0750'})
ok: [payments-staging] => (item={'path': '/opt/kijanikiosk/shared/logs', 'owner': 'kk-logs', 'group': 'kk-logs', 'mode': '2770'})
ok: [logs-staging] => (item={'path': '/opt/kijanikiosk/shared/logs', 'owner': 'kk-logs', 'group': 'kk-logs', 'mode': '2770'})
ok: [api-staging] => (item={'path': '/opt/kijanikiosk/shared', 'owner': 'root', 'group': 'root', 'mode': '0755'})
ok: [payments-staging] => (item={'path': '/opt/kijanikiosk/health', 'owner': 'kk-logs', 'group': 'kijanikiosk', 'mode': '0750'})
ok: [logs-staging] => (item={'path': '/opt/kijanikiosk/health', 'owner': 'kk-logs', 'group': 'kijanikiosk', 'mode': '0750'})
ok: [api-staging] => (item={'path': '/opt/kijanikiosk/shared/logs', 'owner': 'kk-logs', 'group': 'kk-logs', 'mode': '2770'})
ok: [api-staging] => (item={'path': '/opt/kijanikiosk/health', 'owner': 'kk-logs', 'group': 'kijanikiosk', 'mode': '0750'})

TASK [Set ACLs on shared logs] *************************************************
[WARNING]: Deprecation warnings can be disabled by setting `deprecation_warnings=False` in ansible.cfg.
[DEPRECATION WARNING]: Importing 'to_native' from 'ansible.module_utils._text' is deprecated. This feature will be removed from ansible-core version 2.24. Use ansible.module_utils.common.text.converters instead.
ok: [logs-staging] => (item={'entity': 'kk-api', 'permissions': 'rwx'})
ok: [payments-staging] => (item={'entity': 'kk-api', 'permissions': 'rwx'})
ok: [api-staging] => (item={'entity': 'kk-api', 'permissions': 'rwx'})
ok: [api-staging] => (item={'entity': 'kk-payments', 'permissions': 'r-x'})
ok: [logs-staging] => (item={'entity': 'kk-payments', 'permissions': 'r-x'})
ok: [payments-staging] => (item={'entity': 'kk-payments', 'permissions': 'r-x'})

TASK [Set default ACLs on shared logs] *****************************************
ok: [payments-staging] => (item={'entity': 'kk-api', 'permissions': 'rwx'})
ok: [api-staging] => (item={'entity': 'kk-api', 'permissions': 'rwx'})
ok: [logs-staging] => (item={'entity': 'kk-api', 'permissions': 'rwx'})
ok: [payments-staging] => (item={'entity': 'kk-payments', 'permissions': 'r-x'})
ok: [logs-staging] => (item={'entity': 'kk-payments', 'permissions': 'r-x'})
ok: [api-staging] => (item={'entity': 'kk-payments', 'permissions': 'r-x'})

TASK [Deploy payments processor] ***********************************************
skipping: [api-staging]
skipping: [logs-staging]
ok: [payments-staging]

TASK [Deploy service unit file] ************************************************
ok: [payments-staging]
ok: [api-staging]
ok: [logs-staging]

TASK [Enable and start service] ************************************************
ok: [payments-staging]
ok: [api-staging]
ok: [logs-staging]

TASK [Set ufw default deny incoming] *******************************************
ok: [payments-staging]
ok: [api-staging]
ok: [logs-staging]

TASK [Set ufw default allow outgoing] ******************************************
ok: [payments-staging]
ok: [api-staging]
ok: [logs-staging]

TASK [Allow SSH] ***************************************************************
ok: [payments-staging]
ok: [logs-staging]
ok: [api-staging]

TASK [Allow loopback traffic] **************************************************
ok: [payments-staging]
ok: [api-staging]
ok: [logs-staging]

TASK [Allow service port from localhost] ***************************************
ok: [payments-staging]
ok: [logs-staging]
ok: [api-staging]

TASK [Create persistent journal directory] *************************************
ok: [api-staging]
ok: [payments-staging]
ok: [logs-staging]

TASK [Create journald configuration directory] *********************************
ok: [payments-staging]
ok: [api-staging]
ok: [logs-staging]

TASK [Create journald configuration directory] *********************************
ok: [logs-staging]
ok: [api-staging]
ok: [payments-staging]

TASK [Configure persistent journald] *******************************************
ok: [logs-staging]
ok: [payments-staging]
ok: [api-staging]

TASK [Deploy logrotate configuration] ******************************************
ok: [api-staging]
ok: [payments-staging]
ok: [logs-staging]

PLAY RECAP *********************************************************************
api-staging                : ok=22   changed=0    unreachable=0    failed=0    skipped=1    rescued=0    ignored=0   
logs-staging               : ok=22   changed=0    unreachable=0    failed=0    skipped=1    rescued=0    ignored=0   
payments-staging           : ok=23   changed=0    unreachable=0    failed=0    skipped=0    rescued=0    ignored=0   


========================================
 Pipeline completed successfully
========================================
